// Jest Snapshot v1, https://goo.gl/fbAQLP

exports[`Carousel Item renders the Carousel item 1`] = `
<div>
  <li>
    <div
      class=" uk-child-width-1-2@m uk-grid-collapse uk-grid-match uk-flex-center uk-flex-middle uk-flex-wrap uk-flex-wrap-middle"
      data-uk-grid=""
    >
      <div>
        <div
          class="uk-flex-1 uk-background-position-center-center uk-background-cover uk-height-large"
          style="background-image: url();"
        />
      </div>
      <div>
        <div
          class="uk-flex uk-flex-1 uk-flex-center uk-flex-middle uk-padding-large"
        >
          <div
            class="uk-flex uk-flex-center uk-flex-middle uk-height-medium "
          >
            <div />
          </div>
        </div>
      </div>
    </div>
  </li>
</div>
`;
